[SESSION LOG - 001]
Tarih: 2026-07-28
Durum: ARCore 16-bit derinlik okuma endianness (LITTLE_ENDIAN) kalibrasyon hatası çözüldü.
Tamamlanan İşler:
- Gradle wrapper sürümü 9.3.0'dan AGP 8.5.1 ile tam uyumlu Gradle 8.7 sürümüne çekildi.
- online_calibrator.h, online_calibrator.cpp ve CMakeLists.txt dosyalarına OpenCV koşullu derleme desteği eklendi.
- thread_affinity.cpp içerisindeki pthread_setaffinity_np çağrısı Android bionic uyumlu sched_setaffinity(0, ...) ile değiştirildi.
- zerocopy_buffer.h dosyasına VK_USE_PLATFORM_ANDROID_KHR ve vulkan_android.h eklendi.
- gradle.properties dosyası oluşturularak android.useAndroidX=true ayarı eklendi.
- res/mipmap-anydpi-v26/ic_launcher.xml ve vektör kaynakları eklendi.
- app/build.gradle.kts dosyasına compileOptions ve kotlinOptions eklenerek JVM hedef uyumluluğu Java 17 olarak hizalandı.
- CMakeLists.txt dosyasında OpenMP kütüphanesi -static-openmp bayrağıyla statik bağlandı (libomp.so çökmesi çözüldü).
- Uygulamanın çalıştığı ve Poisson rekonstrüksiyonu işlemini başarıyla gerçekleştirdiği doğrulandı.
- work_report.md ve implementation_plan.md oluşturuldu.
- `MainActivity.kt` üzerinde izinler ve ARCore oturumu başlatıldı.
- `CameraRenderer.kt` eklenerek OpenGL kamera önizlemesi arka plana yerleştirildi.
- `MainActivity.kt` üzerinde `acquireDepthImage16Bits` ve `acquireRawDepthConfidenceImage` kullanılarak derinlik haritaları JNI katmanına aktarıldı.
- `Image.Plane` nesnesinin getBuffer, getRowStride ve getPixelStride metotları kullanılarak ve eksik kütüphane importları (Image, ByteBuffer) eklenerek derleme hataları düzeltildi.
- GL render thread üzerinde doğrudan Compose state'inin güncellenmesinden kaynaklanan arayüz kilitlenmeleri, `runOnUiThread` ve `500ms` zaman limitli (throttling) güncelleme mimarisi ile çözüldü.
- `getAccumulatedPointCount` JNI metodu eklenerek nokta bulutu sayısı güvenli bir şekilde alındı.
- ARCore VIO takip durumu (`frame.camera.trackingState`) kontrol edilerek yalnızca `TRACKING` durumundayken derinlik haritalarının ve nokta bulutlarının toplanması sağlandı. Bu sayede VIO başlatılana kadar oluşabilecek tutarsız koordinat hataları engellendi.
- Arayüz durum kartına dinamik ARCore takip durum metni eklenerek kullanıcıya geri bildirim sağlandı.
- GL thread üzerinde 10 FPS kısıtlamalı, HSV colormap (mavi uzak, kırmızı yakın) algoritmalı `Bitmap` derinlik haritası önizleme katmanı kuruldu.
- Önizleme görseli `ScannerUI` içerisindeki özel önizleme kartına (`Image` ve `asImageBitmap()`) anlık olarak yansıtıldı.
- JNI katmanına `getAccumulatedPoints` metodu eklenerek biriktirilen nokta bulutunun ham dizisi alındı.
- Compose Canvas, pointerInput (sürükleme ve kıstırma/pinch-to-zoom hareket algılayıcılar) ve 3B trigonometrik perspektif izdüşüm formülleri kullanılarak interaktif, 60 FPS çalışan **3B Nokta Bulutu Önizleme Diyaloğu** (`PointCloudPreviewDialog`) kodlandı.
- **Revo Scan UI HUD Dönüşümü**: Uygulama arayüzü tamamen şeffaf, kameranın üstüne binen modern bir HUD ekranına dönüştürüldü.
- **Mesafe Kılavuzu (Distance Guide)**: Derinlik haritasının merkezindeki ortalama mesafeyi ölçen ve dikey kılavuz barda Mavi/Yeşil/Kırmızı renklerde gösteren dinamik kılavuz eklendi.
- **Sağ Dikey Kontrol Paneli**: Tarama, 3B önizleme, kaydetme ve temizleme butonları yuvarlak neon tasarımla dikey yerleşime taşındı.
- **Derinlik Buffer Endianness Düzeltmesi**: `depthBuffer.order(java.nio.ByteOrder.LITTLE_ENDIAN)` eklenerek ARCore 16-bit derinlik haritalarındaki verilerin ters endian (Big Endian) okunmasından kaynaklanan ve mesafelerin (0.5m yerine 62m gibi) sapıtmasına neden olan kalibrasyon hatası tamamen giderildi.
- **Ani Hareket / Çok Yakın Koruma Mekanizması**: ARCore'un ani hareket veya çok yakına girilmesi nedeniyle derinlik haritasını çekemediği (NotYetAvailableException vb. fırlattığı) veya takibin kaybolduğu durumlar için erken çıkış ve catch bloklarında `depthBitmap` nesnesi `null` yapıldı. Arayüzde kilitlenme yerine kırmızı neon çerçeveli "Sinyal Yok" uyarısı gösterilerek görsel donmalar engellendi.
- task.md ve walkthrough.md oluşturularak oturum logu ve CHANGELOG güncellendi.
Kalan İşler:
- QNN NPU modeli ve gerçek Poisson örüleme (mesh) algoritmasını entegre etmek.



















